1.Introdução
	Esse arquivo mostra e explica testes realizados para garantir o bom funcionamento dessa aplicação.
	Os dados de entrada e saída do programa interativo serão mostrados.

2.Testes
2.1 Tentar rodar o programa interativo sem o programa aplicador estar ativo
	Erro ao tentar se conectar com o servidor
	*Program terminado abruptamente

2.2 Tentar configurar uma interface com o programa aplicador sem sudo
	Digite um dos números para realizar um comando:
	1 - Configurar o endereco IP de uma interface
	2 - Mostrar na tela o endereco IP de uma interface especificada
	3 - Terminar o programa
	1
	Informe o nome da interface de rede: wlp0s20f3
	Informe o novo endereco IP da rede: 192.168.0.116
	Informe a nova mascara de sub-rede: 255.255.255.0
	Mensagem enviada
	Falhou ao tentar configurar o endereço IP

2.2 Tentar ver o IP de uma interface com aplicador sem sudo
	Digite um dos números para realizar um comando:
	1 - Configurar o endereco IP de uma interface
	2 - Mostrar na tela o endereco IP de uma interface especificada
	3 - Terminar o programa
	2
	Informe o nome da interface de rede: wlp0s20f3
	Mensagem enviada
	Interface: wlp0s20f3, Configured IP:192.168.4.13/16

2.3 Tentar terminar o programa com o comando devido
	Digite um dos números para realizar um comando:
	1 - Configurar o endereco IP de uma interface
	2 - Mostrar na tela o endereco IP de uma interface especificada
	3 - Terminar o programa
	3
	Mensagem enviada
	Resposta OK do aplicador, terminando programa

2.4 Tentar configurar uma interface com IP's inválidos
	Digite um dos números para realizar um comando:
	1 - Configurar o endereco IP de uma interface
	2 - Mostrar na tela o endereco IP de uma interface especificada
	3 - Terminar o programa
	1
	Informe o nome da interface de rede: wlp0s20f3
	Informe o novo endereco IP da rede: 256.1.1.1
	IP invalido, insira um IP valido: 1.1.1  
	IP invalido, insira um IP valido: 1.1.1.
	IP invalido, insira um IP valido: 1
	IP invalido, insira um IP valido: 

2.5 Tentar configurar uma interface com uma máscara de subrede inválida
	Informe a nova mascara de sub-rede: 255.0.0
	Mascara invalida, insira uma mascara valida: 255.0.255.0
	Mascara invalida, insira uma mascara valida: 128.0.255.1  
	Mascara invalida, insira uma mascara valida: 0.0.0.255
	Mascara invalida, insira uma mascara valida: 

2.6 Tentar configurar uma interface de rede inativa
	Digite um dos números para realizar um comando:
	1 - Configurar o endereco IP de uma interface
	2 - Mostrar na tela o endereco IP de uma interface especificada
	3 - Terminar o programa
	1
	Informe o nome da interface de rede: eth1
	Informe o novo endereco IP da rede: 123.156.12.13
	Informe a nova mascara de sub-rede: 255.255.255.0
	Mensagem enviada
	Interface inativa

2.7 Tentar ver o IP de uma interface inativa
	Digite um dos números para realizar um comando:
	1 - Configurar o endereco IP de uma interface
	2 - Mostrar na tela o endereco IP de uma interface especificada
	3 - Terminar o programa
	2
	Informe o nome da interface de rede: eth1
	Mensagem enviada
	Interface inativa

2.8 Tentar ver o IP de uma interface ativa
	Digite um dos números para realizar um comando:
	1 - Configurar o endereco IP de uma interface
	2 - Mostrar na tela o endereco IP de uma interface especificada
	3 - Terminar o programa
	2
	Informe o nome da interface de rede: wlp0s20f3
	Mensagem enviada
	Interface: wlp0s20f3, Configured IP:192.168.4.13/16

2.9 Tentar configurar o IP da mesma interface com parâmetros validos
	Digite um dos números para realizar um comando:
	1 - Configurar o endereco IP de uma interface
	2 - Mostrar na tela o endereco IP de uma interface especificada
	3 - Terminar o programa
	1
	Informe o nome da interface de rede: wlp0s20f3
	Informe o novo endereco IP da rede: 192.168.0.128
	Informe a nova mascara de sub-rede: 255.255.255.255
	Mensagem enviada
	Configuração realizada com sucesso

2.10 Tentar ver o IP da mesma interface após a mudança
	Digite um dos números para realizar um comando:
	1 - Configurar o endereco IP de uma interface
	2 - Mostrar na tela o endereco IP de uma interface especificada
	3 - Terminar o programa
	2
	Informe o nome da interface de rede: wlp0s20f3
	Mensagem enviada
	Interface: wlp0s20f3, Configured IP:192.168.0.128/32



